// Jest Snapshot v1, https://goo.gl/fbAQLP

exports[`RentalsContainer tests renders the RentalsContainer with the correct props 1`] = `
ShallowWrapper {
  Symbol(enzyme.__root__): [Circular],
  Symbol(enzyme.__unrendered__): <RentalsContainer
    rentals={
        Array [
            Object {
              "description": "Its a guitar!",
              "id": 1,
              "image": "https://guitar-image.png",
              "location": "101 Market St, San Francisco, CA",
              "name": "Guitar",
              "rentalPrice": 50,
            },
            Object {
              "description": "Its a amp!",
              "id": 2,
              "image": "https://amp-image.png",
              "location": "101 Market St, San Francisco, CA",
              "name": "Amp",
              "rentalPrice": 50,
            },
          ]
    }
/>,
  Symbol(enzyme.__renderer__): Object {
    "batchedUpdates": [Function],
    "getNode": [Function],
    "render": [Function],
    "simulateError": [Function],
    "simulateEvent": [Function],
    "unmount": [Function],
  },
  Symbol(enzyme.__node__): Object {
    "instance": null,
    "key": undefined,
    "nodeType": "host",
    "props": Object {
      "children": Array [
        <Connect(RentalCard)
          rental={
                    Object {
                              "description": "Its a guitar!",
                              "id": 1,
                              "image": "https://guitar-image.png",
                              "location": "101 Market St, San Francisco, CA",
                              "name": "Guitar",
                              "rentalPrice": 50,
                            }
          }
/>,
        <Connect(RentalCard)
          rental={
                    Object {
                              "description": "Its a amp!",
                              "id": 2,
                              "image": "https://amp-image.png",
                              "location": "101 Market St, San Francisco, CA",
                              "name": "Amp",
                              "rentalPrice": 50,
                            }
          }
/>,
      ],
    },
    "ref": null,
    "rendered": Array [
      Object {
        "instance": null,
        "key": "43143b80-bb74-11e8-a00f-3f159937b244",
        "nodeType": "class",
        "props": Object {
          "rental": Object {
            "description": "Its a guitar!",
            "id": 1,
            "image": "https://guitar-image.png",
            "location": "101 Market St, San Francisco, CA",
            "name": "Guitar",
            "rentalPrice": 50,
          },
        },
        "ref": null,
        "rendered": null,
        "type": [Function],
      },
      Object {
        "instance": null,
        "key": "43146290-bb74-11e8-a00f-3f159937b244",
        "nodeType": "class",
        "props": Object {
          "rental": Object {
            "description": "Its a amp!",
            "id": 2,
            "image": "https://amp-image.png",
            "location": "101 Market St, San Francisco, CA",
            "name": "Amp",
            "rentalPrice": 50,
          },
        },
        "ref": null,
        "rendered": null,
        "type": [Function],
      },
    ],
    "type": "div",
  },
  Symbol(enzyme.__nodes__): Array [
    Object {
      "instance": null,
      "key": undefined,
      "nodeType": "host",
      "props": Object {
        "children": Array [
          <Connect(RentalCard)
            rental={
                        Object {
                                    "description": "Its a guitar!",
                                    "id": 1,
                                    "image": "https://guitar-image.png",
                                    "location": "101 Market St, San Francisco, CA",
                                    "name": "Guitar",
                                    "rentalPrice": 50,
                                  }
            }
/>,
          <Connect(RentalCard)
            rental={
                        Object {
                                    "description": "Its a amp!",
                                    "id": 2,
                                    "image": "https://amp-image.png",
                                    "location": "101 Market St, San Francisco, CA",
                                    "name": "Amp",
                                    "rentalPrice": 50,
                                  }
            }
/>,
        ],
      },
      "ref": null,
      "rendered": Array [
        Object {
          "instance": null,
          "key": "43143b80-bb74-11e8-a00f-3f159937b244",
          "nodeType": "class",
          "props": Object {
            "rental": Object {
              "description": "Its a guitar!",
              "id": 1,
              "image": "https://guitar-image.png",
              "location": "101 Market St, San Francisco, CA",
              "name": "Guitar",
              "rentalPrice": 50,
            },
          },
          "ref": null,
          "rendered": null,
          "type": [Function],
        },
        Object {
          "instance": null,
          "key": "43146290-bb74-11e8-a00f-3f159937b244",
          "nodeType": "class",
          "props": Object {
            "rental": Object {
              "description": "Its a amp!",
              "id": 2,
              "image": "https://amp-image.png",
              "location": "101 Market St, San Francisco, CA",
              "name": "Amp",
              "rentalPrice": 50,
            },
          },
          "ref": null,
          "rendered": null,
          "type": [Function],
        },
      ],
      "type": "div",
    },
  ],
  Symbol(enzyme.__options__): Object {
    "adapter": ReactSixteenAdapter {
      "options": Object {
        "enableComponentDidUpdateOnSetState": true,
        "lifecycles": Object {
          "componentDidUpdate": Object {
            "onSetState": true,
          },
          "getDerivedStateFromProps": true,
          "getSnapshotBeforeUpdate": true,
          "setState": Object {
            "skipsComponentDidUpdateOnNullish": true,
          },
        },
      },
    },
    "attachTo": undefined,
    "disableLifecycleMethods": true,
    "hydrateIn": undefined,
  },
}
`;
