// Jest Snapshot v1, https://goo.gl/fbAQLP

exports[`SignUp tests renders the SignUp with the correct props 1`] = `
ShallowWrapper {
  Symbol(enzyme.__root__): [Circular],
  Symbol(enzyme.__unrendered__): <SignUp
    activeUser={
        Object {
            "email": "THanks@hanks.com",
            "location": "20 McAllister St, San Francisco, CA",
            "password": "password",
            "userName": "Tom Hanks",
          }
    }
    addUser={[Function]}
    setActiveUser={[Function]}
    users={
        Array [
            Object {
              "email": "THanks@hanks.com",
              "location": "20 McAllister St, San Francisco, CA",
              "password": "password",
              "userName": "Tom Hanks",
            },
            Object {
              "email": "JHanks@hanks.com",
              "location": "20 McAllister St, San Francisco, CA",
              "password": "password",
              "userName": "Jim Hanks",
            },
          ]
    }
/>,
  Symbol(enzyme.__renderer__): Object {
    "batchedUpdates": [Function],
    "getNode": [Function],
    "render": [Function],
    "simulateError": [Function],
    "simulateEvent": [Function],
    "unmount": [Function],
  },
  Symbol(enzyme.__node__): Object {
    "instance": null,
    "key": undefined,
    "nodeType": "host",
    "props": Object {
      "children": Array [
        <form
          className="user-signup"
          onSubmit={[Function]}
>
          <h2
                    className="log-header"
          >
                    Sign Up
          </h2>
          <input
                    className="input-field"
                    name="userName"
                    onChange={[Function]}
                    placeholder="username"
                    value=""
          />
          <input
                    className="input-field"
                    name="email"
                    onChange={[Function]}
                    placeholder="email"
                    type="email"
                    value=""
          />
          <input
                    className="input-field"
                    name="phoneNumber"
                    onChange={[Function]}
                    placeholder="Phone Number"
                    type="phoneNumber"
                    value=""
          />
          <input
                    className="input-field"
                    name="password"
                    onChange={[Function]}
                    placeholder="password"
                    type="password"
                    value=""
          />
          <input
                    className="input-field"
                    name="street"
                    onChange={[Function]}
                    placeholder="street"
                    value=""
          />
          <input
                    className="input-field"
                    name="city"
                    onChange={[Function]}
                    placeholder="city"
                    value=""
          />
          <input
                    className="input-field"
                    name="state"
                    onChange={[Function]}
                    placeholder="state"
                    value=""
          />
          <button
                    className="signup-button"
          >
                    SignUp
          </button>
</form>,
        false,
        <Link
          replace={false}
          to="/Login"
>
          <button
                    className="login"
          >
                    Login
          </button>
</Link>,
        <Link
          replace={false}
          to="/"
>
          <button
                    className="home"
          >
                    Home
          </button>
</Link>,
      ],
    },
    "ref": null,
    "rendered": Array [
      Object {
        "instance": null,
        "key": undefined,
        "nodeType": "host",
        "props": Object {
          "children": Array [
            <h2
              className="log-header"
>
              Sign Up
</h2>,
            <input
              className="input-field"
              name="userName"
              onChange={[Function]}
              placeholder="username"
              value=""
/>,
            <input
              className="input-field"
              name="email"
              onChange={[Function]}
              placeholder="email"
              type="email"
              value=""
/>,
            <input
              className="input-field"
              name="phoneNumber"
              onChange={[Function]}
              placeholder="Phone Number"
              type="phoneNumber"
              value=""
/>,
            <input
              className="input-field"
              name="password"
              onChange={[Function]}
              placeholder="password"
              type="password"
              value=""
/>,
            <input
              className="input-field"
              name="street"
              onChange={[Function]}
              placeholder="street"
              value=""
/>,
            <input
              className="input-field"
              name="city"
              onChange={[Function]}
              placeholder="city"
              value=""
/>,
            <input
              className="input-field"
              name="state"
              onChange={[Function]}
              placeholder="state"
              value=""
/>,
            <button
              className="signup-button"
>
              SignUp
</button>,
          ],
          "className": "user-signup",
          "onSubmit": [Function],
        },
        "ref": null,
        "rendered": Array [
          Object {
            "instance": null,
            "key": undefined,
            "nodeType": "host",
            "props": Object {
              "children": "Sign Up",
              "className": "log-header",
            },
            "ref": null,
            "rendered": "Sign Up",
            "type": "h2",
          },
          Object {
            "instance": null,
            "key": undefined,
            "nodeType": "host",
            "props": Object {
              "className": "input-field",
              "name": "userName",
              "onChange": [Function],
              "placeholder": "username",
              "value": "",
            },
            "ref": null,
            "rendered": null,
            "type": "input",
          },
          Object {
            "instance": null,
            "key": undefined,
            "nodeType": "host",
            "props": Object {
              "className": "input-field",
              "name": "email",
              "onChange": [Function],
              "placeholder": "email",
              "type": "email",
              "value": "",
            },
            "ref": null,
            "rendered": null,
            "type": "input",
          },
          Object {
            "instance": null,
            "key": undefined,
            "nodeType": "host",
            "props": Object {
              "className": "input-field",
              "name": "phoneNumber",
              "onChange": [Function],
              "placeholder": "Phone Number",
              "type": "phoneNumber",
              "value": "",
            },
            "ref": null,
            "rendered": null,
            "type": "input",
          },
          Object {
            "instance": null,
            "key": undefined,
            "nodeType": "host",
            "props": Object {
              "className": "input-field",
              "name": "password",
              "onChange": [Function],
              "placeholder": "password",
              "type": "password",
              "value": "",
            },
            "ref": null,
            "rendered": null,
            "type": "input",
          },
          Object {
            "instance": null,
            "key": undefined,
            "nodeType": "host",
            "props": Object {
              "className": "input-field",
              "name": "street",
              "onChange": [Function],
              "placeholder": "street",
              "value": "",
            },
            "ref": null,
            "rendered": null,
            "type": "input",
          },
          Object {
            "instance": null,
            "key": undefined,
            "nodeType": "host",
            "props": Object {
              "className": "input-field",
              "name": "city",
              "onChange": [Function],
              "placeholder": "city",
              "value": "",
            },
            "ref": null,
            "rendered": null,
            "type": "input",
          },
          Object {
            "instance": null,
            "key": undefined,
            "nodeType": "host",
            "props": Object {
              "className": "input-field",
              "name": "state",
              "onChange": [Function],
              "placeholder": "state",
              "value": "",
            },
            "ref": null,
            "rendered": null,
            "type": "input",
          },
          Object {
            "instance": null,
            "key": undefined,
            "nodeType": "host",
            "props": Object {
              "children": "SignUp",
              "className": "signup-button",
            },
            "ref": null,
            "rendered": "SignUp",
            "type": "button",
          },
        ],
        "type": "form",
      },
      false,
      Object {
        "instance": null,
        "key": undefined,
        "nodeType": "class",
        "props": Object {
          "children": <button
            className="login"
>
            Login
</button>,
          "replace": false,
          "to": "/Login",
        },
        "ref": null,
        "rendered": Object {
          "instance": null,
          "key": undefined,
          "nodeType": "host",
          "props": Object {
            "children": "Login",
            "className": "login",
          },
          "ref": null,
          "rendered": "Login",
          "type": "button",
        },
        "type": [Function],
      },
      Object {
        "instance": null,
        "key": undefined,
        "nodeType": "class",
        "props": Object {
          "children": <button
            className="home"
>
            Home
</button>,
          "replace": false,
          "to": "/",
        },
        "ref": null,
        "rendered": Object {
          "instance": null,
          "key": undefined,
          "nodeType": "host",
          "props": Object {
            "children": "Home",
            "className": "home",
          },
          "ref": null,
          "rendered": "Home",
          "type": "button",
        },
        "type": [Function],
      },
    ],
    "type": "div",
  },
  Symbol(enzyme.__nodes__): Array [
    Object {
      "instance": null,
      "key": undefined,
      "nodeType": "host",
      "props": Object {
        "children": Array [
          <form
            className="user-signup"
            onSubmit={[Function]}
>
            <h2
                        className="log-header"
            >
                        Sign Up
            </h2>
            <input
                        className="input-field"
                        name="userName"
                        onChange={[Function]}
                        placeholder="username"
                        value=""
            />
            <input
                        className="input-field"
                        name="email"
                        onChange={[Function]}
                        placeholder="email"
                        type="email"
                        value=""
            />
            <input
                        className="input-field"
                        name="phoneNumber"
                        onChange={[Function]}
                        placeholder="Phone Number"
                        type="phoneNumber"
                        value=""
            />
            <input
                        className="input-field"
                        name="password"
                        onChange={[Function]}
                        placeholder="password"
                        type="password"
                        value=""
            />
            <input
                        className="input-field"
                        name="street"
                        onChange={[Function]}
                        placeholder="street"
                        value=""
            />
            <input
                        className="input-field"
                        name="city"
                        onChange={[Function]}
                        placeholder="city"
                        value=""
            />
            <input
                        className="input-field"
                        name="state"
                        onChange={[Function]}
                        placeholder="state"
                        value=""
            />
            <button
                        className="signup-button"
            >
                        SignUp
            </button>
</form>,
          false,
          <Link
            replace={false}
            to="/Login"
>
            <button
                        className="login"
            >
                        Login
            </button>
</Link>,
          <Link
            replace={false}
            to="/"
>
            <button
                        className="home"
            >
                        Home
            </button>
</Link>,
        ],
      },
      "ref": null,
      "rendered": Array [
        Object {
          "instance": null,
          "key": undefined,
          "nodeType": "host",
          "props": Object {
            "children": Array [
              <h2
                className="log-header"
>
                Sign Up
</h2>,
              <input
                className="input-field"
                name="userName"
                onChange={[Function]}
                placeholder="username"
                value=""
/>,
              <input
                className="input-field"
                name="email"
                onChange={[Function]}
                placeholder="email"
                type="email"
                value=""
/>,
              <input
                className="input-field"
                name="phoneNumber"
                onChange={[Function]}
                placeholder="Phone Number"
                type="phoneNumber"
                value=""
/>,
              <input
                className="input-field"
                name="password"
                onChange={[Function]}
                placeholder="password"
                type="password"
                value=""
/>,
              <input
                className="input-field"
                name="street"
                onChange={[Function]}
                placeholder="street"
                value=""
/>,
              <input
                className="input-field"
                name="city"
                onChange={[Function]}
                placeholder="city"
                value=""
/>,
              <input
                className="input-field"
                name="state"
                onChange={[Function]}
                placeholder="state"
                value=""
/>,
              <button
                className="signup-button"
>
                SignUp
</button>,
            ],
            "className": "user-signup",
            "onSubmit": [Function],
          },
          "ref": null,
          "rendered": Array [
            Object {
              "instance": null,
              "key": undefined,
              "nodeType": "host",
              "props": Object {
                "children": "Sign Up",
                "className": "log-header",
              },
              "ref": null,
              "rendered": "Sign Up",
              "type": "h2",
            },
            Object {
              "instance": null,
              "key": undefined,
              "nodeType": "host",
              "props": Object {
                "className": "input-field",
                "name": "userName",
                "onChange": [Function],
                "placeholder": "username",
                "value": "",
              },
              "ref": null,
              "rendered": null,
              "type": "input",
            },
            Object {
              "instance": null,
              "key": undefined,
              "nodeType": "host",
              "props": Object {
                "className": "input-field",
                "name": "email",
                "onChange": [Function],
                "placeholder": "email",
                "type": "email",
                "value": "",
              },
              "ref": null,
              "rendered": null,
              "type": "input",
            },
            Object {
              "instance": null,
              "key": undefined,
              "nodeType": "host",
              "props": Object {
                "className": "input-field",
                "name": "phoneNumber",
                "onChange": [Function],
                "placeholder": "Phone Number",
                "type": "phoneNumber",
                "value": "",
              },
              "ref": null,
              "rendered": null,
              "type": "input",
            },
            Object {
              "instance": null,
              "key": undefined,
              "nodeType": "host",
              "props": Object {
                "className": "input-field",
                "name": "password",
                "onChange": [Function],
                "placeholder": "password",
                "type": "password",
                "value": "",
              },
              "ref": null,
              "rendered": null,
              "type": "input",
            },
            Object {
              "instance": null,
              "key": undefined,
              "nodeType": "host",
              "props": Object {
                "className": "input-field",
                "name": "street",
                "onChange": [Function],
                "placeholder": "street",
                "value": "",
              },
              "ref": null,
              "rendered": null,
              "type": "input",
            },
            Object {
              "instance": null,
              "key": undefined,
              "nodeType": "host",
              "props": Object {
                "className": "input-field",
                "name": "city",
                "onChange": [Function],
                "placeholder": "city",
                "value": "",
              },
              "ref": null,
              "rendered": null,
              "type": "input",
            },
            Object {
              "instance": null,
              "key": undefined,
              "nodeType": "host",
              "props": Object {
                "className": "input-field",
                "name": "state",
                "onChange": [Function],
                "placeholder": "state",
                "value": "",
              },
              "ref": null,
              "rendered": null,
              "type": "input",
            },
            Object {
              "instance": null,
              "key": undefined,
              "nodeType": "host",
              "props": Object {
                "children": "SignUp",
                "className": "signup-button",
              },
              "ref": null,
              "rendered": "SignUp",
              "type": "button",
            },
          ],
          "type": "form",
        },
        false,
        Object {
          "instance": null,
          "key": undefined,
          "nodeType": "class",
          "props": Object {
            "children": <button
              className="login"
>
              Login
</button>,
            "replace": false,
            "to": "/Login",
          },
          "ref": null,
          "rendered": Object {
            "instance": null,
            "key": undefined,
            "nodeType": "host",
            "props": Object {
              "children": "Login",
              "className": "login",
            },
            "ref": null,
            "rendered": "Login",
            "type": "button",
          },
          "type": [Function],
        },
        Object {
          "instance": null,
          "key": undefined,
          "nodeType": "class",
          "props": Object {
            "children": <button
              className="home"
>
              Home
</button>,
            "replace": false,
            "to": "/",
          },
          "ref": null,
          "rendered": Object {
            "instance": null,
            "key": undefined,
            "nodeType": "host",
            "props": Object {
              "children": "Home",
              "className": "home",
            },
            "ref": null,
            "rendered": "Home",
            "type": "button",
          },
          "type": [Function],
        },
      ],
      "type": "div",
    },
  ],
  Symbol(enzyme.__options__): Object {
    "adapter": ReactSixteenAdapter {
      "options": Object {
        "enableComponentDidUpdateOnSetState": true,
        "lifecycles": Object {
          "componentDidUpdate": Object {
            "onSetState": true,
          },
          "getDerivedStateFromProps": true,
          "getSnapshotBeforeUpdate": true,
          "setState": Object {
            "skipsComponentDidUpdateOnNullish": true,
          },
        },
      },
    },
    "attachTo": undefined,
    "disableLifecycleMethods": true,
    "hydrateIn": undefined,
  },
}
`;
