// Jest Snapshot v1, https://goo.gl/fbAQLP

exports[`RentalForm tests renders the RentalForm with the correct props 1`] = `
ShallowWrapper {
  Symbol(enzyme.__root__): [Circular],
  Symbol(enzyme.__unrendered__): <RentalForm
    activeUser={
        Object {
            "email": "THanks@hanks.com",
            "location": "20 McAllister St, San Francisco, CA",
            "password": "password",
            "userName": "Tom Hanks",
          }
    }
    addRental={[Function]}
    removeRental={[Function]}
/>,
  Symbol(enzyme.__renderer__): Object {
    "batchedUpdates": [Function],
    "getNode": [Function],
    "render": [Function],
    "simulateError": [Function],
    "simulateEvent": [Function],
    "unmount": [Function],
  },
  Symbol(enzyme.__node__): Object {
    "instance": null,
    "key": undefined,
    "nodeType": "host",
    "props": Object {
      "children": Array [
        <form
          className="rental-form"
          onSubmit={[Function]}
>
          <h2
                    className="log-header"
          >
                    Manage Rental
          </h2>
          <input
                    className="input-field"
                    name="name"
                    onChange={[Function]}
                    placeholder="Item Name"
                    value=""
          />
          <input
                    className="input-field"
                    name="street"
                    onChange={[Function]}
                    placeholder="Street"
                    value=""
          />
          <input
                    className="input-field"
                    name="city"
                    onChange={[Function]}
                    placeholder="City"
                    value=""
          />
          <input
                    className="input-field"
                    name="state"
                    onChange={[Function]}
                    placeholder="State"
                    value=""
          />
          <input
                    className="input-field"
                    name="description"
                    onChange={[Function]}
                    placeholder="Item Description"
                    type="text"
                    value=""
          />
          <input
                    className="input-field"
                    name="rentalPrice"
                    onChange={[Function]}
                    placeholder="Rental Price"
                    type="number"
                    value=""
          />
          <input
                    className="input-field"
                    name="image"
                    onChange={[Function]}
                    placeholder="Image"
                    type="url"
                    value=""
          />
          <button
                    className="submit"
          >
                    Submit
          </button>
</form>,
        false,
        <Link
          replace={false}
          to="/Tom Hanks"
>
          <button
                    className="back"
          >
                    Back
          </button>
</Link>,
      ],
    },
    "ref": null,
    "rendered": Array [
      Object {
        "instance": null,
        "key": undefined,
        "nodeType": "host",
        "props": Object {
          "children": Array [
            <h2
              className="log-header"
>
              Manage Rental
</h2>,
            <input
              className="input-field"
              name="name"
              onChange={[Function]}
              placeholder="Item Name"
              value=""
/>,
            <input
              className="input-field"
              name="street"
              onChange={[Function]}
              placeholder="Street"
              value=""
/>,
            <input
              className="input-field"
              name="city"
              onChange={[Function]}
              placeholder="City"
              value=""
/>,
            <input
              className="input-field"
              name="state"
              onChange={[Function]}
              placeholder="State"
              value=""
/>,
            <input
              className="input-field"
              name="description"
              onChange={[Function]}
              placeholder="Item Description"
              type="text"
              value=""
/>,
            <input
              className="input-field"
              name="rentalPrice"
              onChange={[Function]}
              placeholder="Rental Price"
              type="number"
              value=""
/>,
            <input
              className="input-field"
              name="image"
              onChange={[Function]}
              placeholder="Image"
              type="url"
              value=""
/>,
            <button
              className="submit"
>
              Submit
</button>,
          ],
          "className": "rental-form",
          "onSubmit": [Function],
        },
        "ref": null,
        "rendered": Array [
          Object {
            "instance": null,
            "key": undefined,
            "nodeType": "host",
            "props": Object {
              "children": "Manage Rental",
              "className": "log-header",
            },
            "ref": null,
            "rendered": "Manage Rental",
            "type": "h2",
          },
          Object {
            "instance": null,
            "key": undefined,
            "nodeType": "host",
            "props": Object {
              "className": "input-field",
              "name": "name",
              "onChange": [Function],
              "placeholder": "Item Name",
              "value": "",
            },
            "ref": null,
            "rendered": null,
            "type": "input",
          },
          Object {
            "instance": null,
            "key": undefined,
            "nodeType": "host",
            "props": Object {
              "className": "input-field",
              "name": "street",
              "onChange": [Function],
              "placeholder": "Street",
              "value": "",
            },
            "ref": null,
            "rendered": null,
            "type": "input",
          },
          Object {
            "instance": null,
            "key": undefined,
            "nodeType": "host",
            "props": Object {
              "className": "input-field",
              "name": "city",
              "onChange": [Function],
              "placeholder": "City",
              "value": "",
            },
            "ref": null,
            "rendered": null,
            "type": "input",
          },
          Object {
            "instance": null,
            "key": undefined,
            "nodeType": "host",
            "props": Object {
              "className": "input-field",
              "name": "state",
              "onChange": [Function],
              "placeholder": "State",
              "value": "",
            },
            "ref": null,
            "rendered": null,
            "type": "input",
          },
          Object {
            "instance": null,
            "key": undefined,
            "nodeType": "host",
            "props": Object {
              "className": "input-field",
              "name": "description",
              "onChange": [Function],
              "placeholder": "Item Description",
              "type": "text",
              "value": "",
            },
            "ref": null,
            "rendered": null,
            "type": "input",
          },
          Object {
            "instance": null,
            "key": undefined,
            "nodeType": "host",
            "props": Object {
              "className": "input-field",
              "name": "rentalPrice",
              "onChange": [Function],
              "placeholder": "Rental Price",
              "type": "number",
              "value": "",
            },
            "ref": null,
            "rendered": null,
            "type": "input",
          },
          Object {
            "instance": null,
            "key": undefined,
            "nodeType": "host",
            "props": Object {
              "className": "input-field",
              "name": "image",
              "onChange": [Function],
              "placeholder": "Image",
              "type": "url",
              "value": "",
            },
            "ref": null,
            "rendered": null,
            "type": "input",
          },
          Object {
            "instance": null,
            "key": undefined,
            "nodeType": "host",
            "props": Object {
              "children": "Submit",
              "className": "submit",
            },
            "ref": null,
            "rendered": "Submit",
            "type": "button",
          },
        ],
        "type": "form",
      },
      false,
      Object {
        "instance": null,
        "key": undefined,
        "nodeType": "class",
        "props": Object {
          "children": <button
            className="back"
>
            Back
</button>,
          "replace": false,
          "to": "/Tom Hanks",
        },
        "ref": null,
        "rendered": Object {
          "instance": null,
          "key": undefined,
          "nodeType": "host",
          "props": Object {
            "children": "Back",
            "className": "back",
          },
          "ref": null,
          "rendered": "Back",
          "type": "button",
        },
        "type": [Function],
      },
    ],
    "type": "div",
  },
  Symbol(enzyme.__nodes__): Array [
    Object {
      "instance": null,
      "key": undefined,
      "nodeType": "host",
      "props": Object {
        "children": Array [
          <form
            className="rental-form"
            onSubmit={[Function]}
>
            <h2
                        className="log-header"
            >
                        Manage Rental
            </h2>
            <input
                        className="input-field"
                        name="name"
                        onChange={[Function]}
                        placeholder="Item Name"
                        value=""
            />
            <input
                        className="input-field"
                        name="street"
                        onChange={[Function]}
                        placeholder="Street"
                        value=""
            />
            <input
                        className="input-field"
                        name="city"
                        onChange={[Function]}
                        placeholder="City"
                        value=""
            />
            <input
                        className="input-field"
                        name="state"
                        onChange={[Function]}
                        placeholder="State"
                        value=""
            />
            <input
                        className="input-field"
                        name="description"
                        onChange={[Function]}
                        placeholder="Item Description"
                        type="text"
                        value=""
            />
            <input
                        className="input-field"
                        name="rentalPrice"
                        onChange={[Function]}
                        placeholder="Rental Price"
                        type="number"
                        value=""
            />
            <input
                        className="input-field"
                        name="image"
                        onChange={[Function]}
                        placeholder="Image"
                        type="url"
                        value=""
            />
            <button
                        className="submit"
            >
                        Submit
            </button>
</form>,
          false,
          <Link
            replace={false}
            to="/Tom Hanks"
>
            <button
                        className="back"
            >
                        Back
            </button>
</Link>,
        ],
      },
      "ref": null,
      "rendered": Array [
        Object {
          "instance": null,
          "key": undefined,
          "nodeType": "host",
          "props": Object {
            "children": Array [
              <h2
                className="log-header"
>
                Manage Rental
</h2>,
              <input
                className="input-field"
                name="name"
                onChange={[Function]}
                placeholder="Item Name"
                value=""
/>,
              <input
                className="input-field"
                name="street"
                onChange={[Function]}
                placeholder="Street"
                value=""
/>,
              <input
                className="input-field"
                name="city"
                onChange={[Function]}
                placeholder="City"
                value=""
/>,
              <input
                className="input-field"
                name="state"
                onChange={[Function]}
                placeholder="State"
                value=""
/>,
              <input
                className="input-field"
                name="description"
                onChange={[Function]}
                placeholder="Item Description"
                type="text"
                value=""
/>,
              <input
                className="input-field"
                name="rentalPrice"
                onChange={[Function]}
                placeholder="Rental Price"
                type="number"
                value=""
/>,
              <input
                className="input-field"
                name="image"
                onChange={[Function]}
                placeholder="Image"
                type="url"
                value=""
/>,
              <button
                className="submit"
>
                Submit
</button>,
            ],
            "className": "rental-form",
            "onSubmit": [Function],
          },
          "ref": null,
          "rendered": Array [
            Object {
              "instance": null,
              "key": undefined,
              "nodeType": "host",
              "props": Object {
                "children": "Manage Rental",
                "className": "log-header",
              },
              "ref": null,
              "rendered": "Manage Rental",
              "type": "h2",
            },
            Object {
              "instance": null,
              "key": undefined,
              "nodeType": "host",
              "props": Object {
                "className": "input-field",
                "name": "name",
                "onChange": [Function],
                "placeholder": "Item Name",
                "value": "",
              },
              "ref": null,
              "rendered": null,
              "type": "input",
            },
            Object {
              "instance": null,
              "key": undefined,
              "nodeType": "host",
              "props": Object {
                "className": "input-field",
                "name": "street",
                "onChange": [Function],
                "placeholder": "Street",
                "value": "",
              },
              "ref": null,
              "rendered": null,
              "type": "input",
            },
            Object {
              "instance": null,
              "key": undefined,
              "nodeType": "host",
              "props": Object {
                "className": "input-field",
                "name": "city",
                "onChange": [Function],
                "placeholder": "City",
                "value": "",
              },
              "ref": null,
              "rendered": null,
              "type": "input",
            },
            Object {
              "instance": null,
              "key": undefined,
              "nodeType": "host",
              "props": Object {
                "className": "input-field",
                "name": "state",
                "onChange": [Function],
                "placeholder": "State",
                "value": "",
              },
              "ref": null,
              "rendered": null,
              "type": "input",
            },
            Object {
              "instance": null,
              "key": undefined,
              "nodeType": "host",
              "props": Object {
                "className": "input-field",
                "name": "description",
                "onChange": [Function],
                "placeholder": "Item Description",
                "type": "text",
                "value": "",
              },
              "ref": null,
              "rendered": null,
              "type": "input",
            },
            Object {
              "instance": null,
              "key": undefined,
              "nodeType": "host",
              "props": Object {
                "className": "input-field",
                "name": "rentalPrice",
                "onChange": [Function],
                "placeholder": "Rental Price",
                "type": "number",
                "value": "",
              },
              "ref": null,
              "rendered": null,
              "type": "input",
            },
            Object {
              "instance": null,
              "key": undefined,
              "nodeType": "host",
              "props": Object {
                "className": "input-field",
                "name": "image",
                "onChange": [Function],
                "placeholder": "Image",
                "type": "url",
                "value": "",
              },
              "ref": null,
              "rendered": null,
              "type": "input",
            },
            Object {
              "instance": null,
              "key": undefined,
              "nodeType": "host",
              "props": Object {
                "children": "Submit",
                "className": "submit",
              },
              "ref": null,
              "rendered": "Submit",
              "type": "button",
            },
          ],
          "type": "form",
        },
        false,
        Object {
          "instance": null,
          "key": undefined,
          "nodeType": "class",
          "props": Object {
            "children": <button
              className="back"
>
              Back
</button>,
            "replace": false,
            "to": "/Tom Hanks",
          },
          "ref": null,
          "rendered": Object {
            "instance": null,
            "key": undefined,
            "nodeType": "host",
            "props": Object {
              "children": "Back",
              "className": "back",
            },
            "ref": null,
            "rendered": "Back",
            "type": "button",
          },
          "type": [Function],
        },
      ],
      "type": "div",
    },
  ],
  Symbol(enzyme.__options__): Object {
    "adapter": ReactSixteenAdapter {
      "options": Object {
        "enableComponentDidUpdateOnSetState": true,
        "lifecycles": Object {
          "componentDidUpdate": Object {
            "onSetState": true,
          },
          "getDerivedStateFromProps": true,
          "getSnapshotBeforeUpdate": true,
          "setState": Object {
            "skipsComponentDidUpdateOnNullish": true,
          },
        },
      },
    },
    "attachTo": undefined,
    "disableLifecycleMethods": true,
    "hydrateIn": undefined,
  },
}
`;
